******************************************************************************
                  TI ARM Linker PC v20.2.1                     
******************************************************************************
>> Linked Thu Oct  8 21:08:14 2020

OUTPUT FILE NAME:   <RTC Test.out>
ENTRY POINT SYMBOL: "_c_int00_noargs"  address: 00003111


MEMORY CONFIGURATION

         name            origin    length      used     unused   attr    fill
----------------------  --------  ---------  --------  --------  ----  --------
  MAIN                  00000000   00040000  00003515  0003caeb  R  X
  INFO                  00200000   00004000  00000000  00004000  R  X
  SRAM_CODE             01000000   00010000  000009f8  0000f608  RW X
  SRAM_DATA             20000000   00010000  000009f8  0000f608  RW  


SEGMENT ALLOCATION MAP

run origin  load origin   length   init length attrs members
----------  ----------- ---------- ----------- ----- -------
00000000    00000000    00003518   00003518    r-x
  00000000    00000000    000000e4   000000e4    r-- .intvecs
  000000e4    000000e4    00003298   00003298    r-x .text
  0000337c    0000337c    00000101   00000101    r-- .const
  00003480    00003480    00000098   00000098    r-- .cinit
20000000    20000000    000007f8   00000000    rw-
  20000000    20000000    00000400   00000000    rw- .sysmem
  20000400    20000400    0000020c   00000000    rw- .bss
  2000060c    2000060c    000001ec   00000000    rw- .data
2000fe00    2000fe00    00000200   00000000    rw-
  2000fe00    2000fe00    00000200   00000000    rw- .stack


SECTION ALLOCATION MAP

 output                                  attributes/
section   page    origin      length       input sections
--------  ----  ----------  ----------   ----------------
.intvecs   0    00000000    000000e4     
                  00000000    000000e4     startup_msp432p401r_ccs.obj (.intvecs:retain)

.text      0    000000e4    00003298     
                  000000e4    00000a4e     rtsv7M4_T_le_v4SPD16_eabi.lib : _printfi.c.obj (.text:__TI_printfi)
                  00000b32    00000002                                   : _lock.c.obj (.text:_nop)
                  00000b34    00000334     system_msp432p401r.obj (.text)
                  00000e68    000002e4     rtc.obj (.text)
                  0000114c    00000278     main.obj (.text)
                  000013c4    00000270     rtsv7M4_T_le_v4SPD16_eabi.lib : _printfi.c.obj (.text:_pconv_a)
                  00001634    000001d0                                   : _printfi.c.obj (.text:_pconv_g)
                  00001804    000001b6                                   : fd_add_t2.asm.obj (.text)
                  000019ba    00000002                                   : div0.asm.obj (.text)
                  000019bc    0000013c                                   : _printfi.c.obj (.text:_pconv_e)
                  00001af8    00000136                                   : fd_div_t2.asm.obj (.text)
                  00001c2e    00000002     --HOLE-- [fill = 0]
                  00001c30    00000124                                   : _printfi.c.obj (.text:fcvt)
                  00001d54    00000114                                   : fputs.c.obj (.text:fputs)
                  00001e68    00000110                                   : s_scalbn.c.obj (.text:scalbn)
                  00001f78    00000108                                   : memory.c.obj (.text:aligned_alloc)
                  00002080    000000fc                                   : fd_mul_t2.asm.obj (.text)
                  0000217c    000000e4                                   : memory.c.obj (.text:free)
                  00002260    000000dc                                   : setvbuf.c.obj (.text:setvbuf)
                  0000233c    000000b1                                   : _printfi.c.obj (.text:_ltostr)
                  000023ed    00000001     --HOLE-- [fill = 0]
                  000023ee    0000009c                                   : memcpy_t2.asm.obj (.text)
                  0000248a    00000096                                   : ull_div_t2.asm.obj (.text)
                  00002520    0000008c                                   : fputc.c.obj (.text:fputc)
                  000025ac    00000086                                   : fd_cmp_t2.asm.obj (.text:__aeabi_cdcmple)
                  00002632    00000086                                   : fd_cmp_t2.asm.obj (.text:__aeabi_cdrcmple)
                  000026b8    0000007a                                   : memset_t2.asm.obj (.text)
                  00002732    00000002     --HOLE-- [fill = 0]
                  00002734    00000074                                   : fclose.c.obj (.text:__TI_closefile)
                  000027a8    00000070                                   : memory.c.obj (.text:split)
                  00002818    0000006e                                   : _printfi.c.obj (.text:_mcpy)
                  00002886    00000002     --HOLE-- [fill = 0]
                  00002888    0000006c                                   : hostrename.c.obj (.text:HOSTrename)
                  000028f4    00000068                                   : hostlseek.c.obj (.text:HOSTlseek)
                  0000295c    00000068                                   : copy_decompress_lzss.c.obj (.text:decompress:lzss:__TI_decompress_lzss)
                  000029c4    00000068                                   : printf.c.obj (.text:printf)
                  00002a2c    00000064                                   : s_frexp.c.obj (.text:frexp)
                  00002a90    00000064                                   : fseek.c.obj (.text:fseek)
                  00002af4    00000062                                   : _io_perm.c.obj (.text:__TI_wrt_ok)
                  00002b56    00000002     --HOLE-- [fill = 0]
                  00002b58    00000060                                   : hostopen.c.obj (.text:HOSTopen)
                  00002bb8    0000005c                                   : close.c.obj (.text:close)
                  00002c14    00000058                                   : hostread.c.obj (.text:HOSTread)
                  00002c6c    00000058                                   : hostwrite.c.obj (.text:HOSTwrite)
                  00002cc4    00000056                                   : _printfi.c.obj (.text:_pconv_f)
                  00002d1a    00000054                                   : _ltoa.c.obj (.text:__TI_ltoa)
                  00002d6e    00000052                                   : _printfi.c.obj (.text:_ecpy)
                  00002dc0    0000004c                                   : fflush.c.obj (.text:__TI_doflush)
                  00002e0c    0000004c                                   : atoi.c.obj (.text:atoi)
                  00002e58    00000048                                   : exit.c.obj (.text:exit)
                  00002ea0    00000048                                   : fd_toi_t2.asm.obj (.text)
                  00002ee8    00000044                                   : hostclose.c.obj (.text:HOSTclose)
                  00002f2c    00000044                                   : hostunlink.c.obj (.text:HOSTunlink)
                  00002f70    00000044                                   : autoinit.c.obj (.text:__TI_auto_init_nobinit_nopinit:__TI_auto_init_nobinit_nopinit)
                  00002fb4    00000044                                   : getdevice.c.obj (.text:getdevice)
                  00002ff8    0000003e                                   : _printfi.c.obj (.text:_fcpy)
                  00003036    00000002     --HOLE-- [fill = 0]
                  00003038    00000038                                   : trgmsg.c.obj (.text:__TI_writemsg)
                  00003070    00000036                                   : strncpy.c.obj (.text:strncpy)
                  000030a6    00000002     --HOLE-- [fill = 0]
                  000030a8    00000034                                   : fopen.c.obj (.text:__TI_cleanup)
                  000030dc    00000034                                   : trgmsg.c.obj (.text:__TI_readmsg)
                  00003110    00000034                                   : boot_cortex_m.c.obj (.text:_c_int00_noargs:_c_int00_noargs)
                  00003144    00000030                                   : getdevice.c.obj (.text:finddevice)
                  00003174    0000002e                                   : i_tofd_t2.asm.obj (.text)
                  000031a2    00000002     --HOLE-- [fill = 0]
                  000031a4    0000002c                                   : unlink.c.obj (.text:unlink)
                  000031d0    00000028                                   : memory.c.obj (.text:free_list_insert)
                  000031f8    00000028                                   : lseek.c.obj (.text:lseek)
                  00003220    00000028                                   : write.c.obj (.text:write)
                  00003248    00000020                                   : memchr.c.obj (.text:memchr)
                  00003268    0000001c                                   : copy_zero_init.c.obj (.text:decompress:ZI:__TI_zero_init_nomemset:__TI_zero_init_nomemset)
                  00003284    0000001c                                   : memory.c.obj (.text:free_list_remove)
                  000032a0    0000001c                                   : memccpy.c.obj (.text:memccpy)
                  000032bc    0000001a                                   : s_copysign.c.obj (.text:copysign)
                  000032d6    00000018                                   : strcmp.c.obj (.text:strcmp)
                  000032ee    00000016                                   : strchr.c.obj (.text:strchr)
                  00003304    00000014                                   : strcpy.c.obj (.text:strcpy)
                  00003318    00000014                                   : strlen.c.obj (.text:strlen)
                  0000332c    00000012                                   : wcslen.c.obj (.text:wcslen)
                  0000333e    0000000e                                   : copy_decompress_none.c.obj (.text:decompress:none:__TI_decompress_none)
                  0000334c    0000000e     startup_msp432p401r_ccs.obj (.text)
                  0000335a    00000002     --HOLE-- [fill = 0]
                  0000335c    00000008     rtsv7M4_T_le_v4SPD16_eabi.lib : errno.c.obj (.text:__aeabi_errno_addr)
                  00003364    00000008                                   : memory.c.obj (.text:malloc)
                  0000336c    00000004                                   : printf.c.obj (.text:_outc)
                  00003370    00000004                                   : printf.c.obj (.text:_outs)
                  00003374    00000004                                   : pre_init.c.obj (.text:_system_pre_init)
                  00003378    00000004                                   : exit.c.obj (.text:abort:abort)

.const     0    0000337c    00000101     
                  0000337c    00000101     rtsv7M4_T_le_v4SPD16_eabi.lib : ctype.c.obj (.const:.string:_ctypes_)

.cinit     0    00003480    00000098     
                  00003480    0000006f     (.cinit..data.load) [load image, compression = lzss]
                  000034ef    00000001     --HOLE-- [fill = 0]
                  000034f0    0000000c     (__TI_handler_table)
                  000034fc    00000004     --HOLE-- [fill = 0]
                  00003500    00000008     (.cinit..bss.load) [load image, compression = zero_init]
                  00003508    00000010     (__TI_cinit_table)

.init_array 
*          0    00000000    00000000     UNINITIALIZED

.binit     0    00000000    00000000     

.sysmem    0    20000000    00000400     UNINITIALIZED
                  20000000    00000010     rtsv7M4_T_le_v4SPD16_eabi.lib : memory.c.obj (.sysmem)
                  20000010    000003f0     --HOLE--

.bss       0    20000400    0000020c     UNINITIALIZED
                  20000400    00000120     rtsv7M4_T_le_v4SPD16_eabi.lib : trgmsg.c.obj (.bss:_CIOBUF_)
                  20000520    000000a0     (.common:__TI_tmpnams)
                  200005c0    00000044     (.common:readRTC)
                  20000604    00000008     (.common:parmbuf)

.data      0    2000060c    000001ec     UNINITIALIZED
                  2000060c    000000f0     rtsv7M4_T_le_v4SPD16_eabi.lib : defs.c.obj (.data:_ftable)
                  200006fc    00000078                                   : host_device.c.obj (.data:_device)
                  20000774    00000050                                   : host_device.c.obj (.data:_stream)
                  200007c4    00000010                                   : defs.c.obj (.data)
                  200007d4    0000000c                                   : exit.c.obj (.data:$O1$$)
                  200007e0    00000008                                   : _lock.c.obj (.data:$O1$$)
                  200007e8    00000008                                   : memory.c.obj (.data:$O1$$)
                  200007f0    00000004                                   : errno.c.obj (.data)
                  200007f4    00000004     system_msp432p401r.obj (.data)

.stack     0    2000fe00    00000200     UNINITIALIZED
                  2000fe00    00000004     rtsv7M4_T_le_v4SPD16_eabi.lib : boot_cortex_m.c.obj (.stack)
                  2000fe04    000001fc     --HOLE--

__llvm_prf_cnts 
*          0    20000000    00000000     UNINITIALIZED

MODULE SUMMARY

       Module                        code    ro data   rw data
       ------                        ----    -------   -------
    .\
       system_msp432p401r.obj        820     0         8      
       main.obj                      632     0         136    
       rtc.obj                       740     0         0      
       startup_msp432p401r_ccs.obj   14      228       0      
    +--+-----------------------------+-------+---------+---------+
       Total:                        2206    228       144    
                                                              
    C:\ti\ccs1011\ccs\tools\compiler\ti-cgt-arm_20.2.1.LTS\lib\rtsv7M4_T_le_v4SPD16_eabi.lib
       _printfi.c.obj                4851    0         0      
       defs.c.obj                    0       0         832    
       memory.c.obj                  680     0         16     
       trgmsg.c.obj                  108     0         576    
       fd_add_t2.asm.obj             438     0         0      
       host_device.c.obj             0       0         400    
       fd_div_t2.asm.obj             310     0         0      
       fputs.c.obj                   276     0         0      
       s_scalbn.c.obj                272     0         0      
       fd_cmp_t2.asm.obj             268     0         0      
       ctype.c.obj                   0       257       0      
       fd_mul_t2.asm.obj             252     0         0      
       setvbuf.c.obj                 220     0         0      
       memcpy_t2.asm.obj             156     0         0      
       ull_div_t2.asm.obj            150     0         0      
       fputc.c.obj                   140     0         0      
       memset_t2.asm.obj             122     0         0      
       fclose.c.obj                  116     0         0      
       getdevice.c.obj               116     0         0      
       hostopen.c.obj                96      0         16     
       printf.c.obj                  112     0         0      
       hostrename.c.obj              108     0         0      
       copy_decompress_lzss.c.obj    104     0         0      
       hostlseek.c.obj               104     0         0      
       exit.c.obj                    76      0         24     
       fseek.c.obj                   100     0         0      
       s_frexp.c.obj                 100     0         0      
       _io_perm.c.obj                98      0         0      
       close.c.obj                   92      0         0      
       hostread.c.obj                88      0         0      
       hostwrite.c.obj               88      0         0      
       _ltoa.c.obj                   84      0         0      
       atoi.c.obj                    76      0         0      
       fflush.c.obj                  76      0         0      
       fd_toi_t2.asm.obj             72      0         0      
       autoinit.c.obj                68      0         0      
       hostclose.c.obj               68      0         0      
       hostunlink.c.obj              68      0         0      
       strncpy.c.obj                 54      0         0      
       boot_cortex_m.c.obj           52      0         0      
       fopen.c.obj                   52      0         0      
       i_tofd_t2.asm.obj             46      0         0      
       unlink.c.obj                  44      0         0      
       lseek.c.obj                   40      0         0      
       write.c.obj                   40      0         0      
       memchr.c.obj                  32      0         0      
       copy_zero_init.c.obj          28      0         0      
       memccpy.c.obj                 28      0         0      
       s_copysign.c.obj              26      0         0      
       strcmp.c.obj                  24      0         0      
       strchr.c.obj                  22      0         0      
       strcpy.c.obj                  20      0         0      
       strlen.c.obj                  20      0         0      
       _lock.c.obj                   2       0         16     
       wcslen.c.obj                  18      0         0      
       errno.c.obj                   8       0         8      
       copy_decompress_none.c.obj    14      0         0      
       pre_init.c.obj                4       0         0      
       div0.asm.obj                  2       0         0      
    +--+-----------------------------+-------+---------+---------+
       Total:                        10729   257       1888   
                                                              
       Heap:                         0       0         2048   
       Stack:                        0       0         1024   
       Linker Generated:             0       147       0      
    +--+-----------------------------+-------+---------+---------+
       Grand Total:                  12935   632       5104   


LINKER GENERATED COPY TABLES

__TI_cinit_table @ 00003508 records: 2, size/record: 8, table size: 16
	.data: load addr=00003480, load size=0000006f bytes, run addr=2000060c, run size=000001ec bytes, compression=lzss
	.bss: load addr=00003500, load size=00000008 bytes, run addr=20000400, run size=0000020c bytes, compression=zero_init


LINKER GENERATED HANDLER TABLE

__TI_handler_table @ 000034f0 records: 3, size/record: 4, table size: 12
	index: 0, handler: __TI_decompress_lzss
	index: 1, handler: __TI_decompress_none
	index: 2, handler: __TI_zero_init


GLOBAL SYMBOLS: SORTED ALPHABETICALLY BY Name 

address   name                           
-------   ----                           
00003359  ADC14_IRQHandler               
00003359  AES256_IRQHandler              
00003359  BusFault_Handler               
00003379  C$$EXIT                        
00003067  C$$IO$$                        
00003359  COMP_E0_IRQHandler             
00003359  COMP_E1_IRQHandler             
00003359  CS_IRQHandler                  
00003359  DMA_ERR_IRQHandler             
00003359  DMA_INT0_IRQHandler            
00003359  DMA_INT1_IRQHandler            
00003359  DMA_INT2_IRQHandler            
00003359  DMA_INT3_IRQHandler            
00003359  DebugMon_Handler               
00003359  Default_Handler                
00003359  EUSCIA0_IRQHandler             
00003359  EUSCIA1_IRQHandler             
00003359  EUSCIA2_IRQHandler             
00003359  EUSCIA3_IRQHandler             
00003359  EUSCIB0_IRQHandler             
00003359  EUSCIB1_IRQHandler             
00003359  EUSCIB2_IRQHandler             
00003359  EUSCIB3_IRQHandler             
00003359  FLCTL_IRQHandler               
00003359  FPU_IRQHandler                 
00002ee9  HOSTclose                      
000028f5  HOSTlseek                      
00002b59  HOSTopen                       
00002c15  HOSTread                       
00002889  HOSTrename                     
00002f2d  HOSTunlink                     
00002c6d  HOSTwrite                      
00003359  HardFault_Handler              
00000ea1  I2C1_byteRead                  
00000f33  I2C1_byteWrite                 
00000e69  I2C1_init                      
00003359  MemManage_Handler              
00003359  NMI_Handler                    
00003359  PCM_IRQHandler                 
00003359  PORT1_IRQHandler               
00003359  PORT2_IRQHandler               
00003359  PORT3_IRQHandler               
00003359  PORT4_IRQHandler               
00003359  PORT5_IRQHandler               
00003359  PORT6_IRQHandler               
00003359  PSS_IRQHandler                 
00003359  PendSV_Handler                 
00003359  RTC_C_IRQHandler               
00001171  ReadRTC                        
0000334d  Reset_Handler                  
00003359  SVC_Handler                    
00003359  SysTick_Handler                
200007f4  SystemCoreClock                
00000b35  SystemCoreClockUpdate          
00000dad  SystemInit                     
00003359  T32_INT1_IRQHandler            
00003359  T32_INT2_IRQHandler            
00003359  T32_INTC_IRQHandler            
00003359  TA0_0_IRQHandler               
00003359  TA0_N_IRQHandler               
00003359  TA1_0_IRQHandler               
00003359  TA1_N_IRQHandler               
00003359  TA2_0_IRQHandler               
00003359  TA2_N_IRQHandler               
00003359  TA3_0_IRQHandler               
00003359  TA3_N_IRQHandler               
00003359  UsageFault_Handler             
4000480c  WDTCTL_SYM                     
00003359  WDT_A_IRQHandler               
20000400  __CIOBUF_                      
20010000  __STACK_END                    
00000200  __STACK_SIZE                   
00000400  __SYSMEM_SIZE                  
00003508  __TI_CINIT_Base                
00003518  __TI_CINIT_Limit               
000034f0  __TI_Handler_Table_Base        
000034fc  __TI_Handler_Table_Limit       
00002f71  __TI_auto_init_nobinit_nopinit 
000030a9  __TI_cleanup                   
200007d4  __TI_cleanup_ptr               
00002735  __TI_closefile                 
0000295d  __TI_decompress_lzss           
0000333f  __TI_decompress_none           
00002dc1  __TI_doflush                   
200007d8  __TI_dtors_ptr                 
200007dc  __TI_enable_exit_profile_output
200007c4  __TI_ft_end                    
00002d1b  __TI_ltoa                      
ffffffff  __TI_pprof_out_hndl            
000000e5  __TI_printfi                   
ffffffff  __TI_prof_data_size            
ffffffff  __TI_prof_data_start           
000030dd  __TI_readmsg                   
00000000  __TI_static_base__             
20000520  __TI_tmpnams                   
00003039  __TI_writemsg                  
00002af5  __TI_wrt_ok                    
00003269  __TI_zero_init_nomemset        
000025ad  __aeabi_cdcmpeq                
000025ad  __aeabi_cdcmple                
00002633  __aeabi_cdrcmple               
00002ea1  __aeabi_d2iz                   
0000180f  __aeabi_dadd                   
00001af9  __aeabi_ddiv                   
00002081  __aeabi_dmul                   
00001805  __aeabi_dsub                   
0000335d  __aeabi_errno_addr             
00003175  __aeabi_i2d                    
000019bb  __aeabi_idiv0                  
000019bb  __aeabi_ldiv0                  
000026b9  __aeabi_memclr                 
000026b9  __aeabi_memclr4                
000026b9  __aeabi_memclr8                
000023ef  __aeabi_memcpy                 
000023ef  __aeabi_memcpy4                
000023ef  __aeabi_memcpy8                
000026bb  __aeabi_memset                 
000026bb  __aeabi_memset4                
000026bb  __aeabi_memset8                
200007d0  __aeabi_stderr                 
200007c8  __aeabi_stdin                  
200007cc  __aeabi_stdout                 
0000248b  __aeabi_uldivmod               
ffffffff  __binit__                      
ffffffff  __c_args__                     
UNDEFED   __mpu_init                     
2000fe00  __stack                        
20000000  __start___llvm_prf_cnts        
20000000  __stop___llvm_prf_cnts         
00003111  _c_int00_noargs                
0000337c  _ctypes_                       
200006fc  _device                        
2000060c  _ftable                        
200007e0  _lock                          
00000b33  _nop                           
20000774  _stream                        
20000000  _sys_memory                    
UNDEFED   _system_post_cinit             
00003375  _system_pre_init               
200007e4  _unlock                        
00003379  abort                          
00001f79  aligned_alloc                  
00002e0d  atoi                           
ffffffff  binit                          
00002bb9  close                          
000032bd  copysign                       
000032bd  copysignl                      
00000f9d  dayOfWeekDecode                
200007f0  errno                          
00002e59  exit                           
00003145  finddevice                     
00002521  fputc                          
00001d55  fputs                          
0000217d  free                           
00002a2d  frexp                          
00002a2d  frexpl                         
00002a91  fseek                          
00002fb5  getdevice                      
00000000  interruptVectors               
00001e69  ldexp                          
00001e69  ldexpl                         
000031f9  lseek                          
0000114d  main                           
00003365  malloc                         
00001f79  memalign                       
000032a1  memccpy                        
00003249  memchr                         
000023ef  memcpy                         
000026c1  memset                         
00000fef  monthDecode                    
20000604  parmbuf                        
000029c5  printf                         
00002521  putc                           
200005c0  readRTC                        
000031a5  remove                         
00001e69  scalbn                         
00001e69  scalbnl                        
00002261  setvbuf                        
000032ef  strchr                         
000032d7  strcmp                         
00003305  strcpy                         
00003319  strlen                         
00003071  strncpy                        
000031a5  unlink                         
0000332d  wcslen                         
00003221  write                          


GLOBAL SYMBOLS: SORTED BY Symbol Address 

address   name                           
-------   ----                           
00000000  __TI_static_base__             
00000000  interruptVectors               
000000e5  __TI_printfi                   
00000200  __STACK_SIZE                   
00000400  __SYSMEM_SIZE                  
00000b33  _nop                           
00000b35  SystemCoreClockUpdate          
00000dad  SystemInit                     
00000e69  I2C1_init                      
00000ea1  I2C1_byteRead                  
00000f33  I2C1_byteWrite                 
00000f9d  dayOfWeekDecode                
00000fef  monthDecode                    
0000114d  main                           
00001171  ReadRTC                        
00001805  __aeabi_dsub                   
0000180f  __aeabi_dadd                   
000019bb  __aeabi_idiv0                  
000019bb  __aeabi_ldiv0                  
00001af9  __aeabi_ddiv                   
00001d55  fputs                          
00001e69  ldexp                          
00001e69  ldexpl                         
00001e69  scalbn                         
00001e69  scalbnl                        
00001f79  aligned_alloc                  
00001f79  memalign                       
00002081  __aeabi_dmul                   
0000217d  free                           
00002261  setvbuf                        
000023ef  __aeabi_memcpy                 
000023ef  __aeabi_memcpy4                
000023ef  __aeabi_memcpy8                
000023ef  memcpy                         
0000248b  __aeabi_uldivmod               
00002521  fputc                          
00002521  putc                           
000025ad  __aeabi_cdcmpeq                
000025ad  __aeabi_cdcmple                
00002633  __aeabi_cdrcmple               
000026b9  __aeabi_memclr                 
000026b9  __aeabi_memclr4                
000026b9  __aeabi_memclr8                
000026bb  __aeabi_memset                 
000026bb  __aeabi_memset4                
000026bb  __aeabi_memset8                
000026c1  memset                         
00002735  __TI_closefile                 
00002889  HOSTrename                     
000028f5  HOSTlseek                      
0000295d  __TI_decompress_lzss           
000029c5  printf                         
00002a2d  frexp                          
00002a2d  frexpl                         
00002a91  fseek                          
00002af5  __TI_wrt_ok                    
00002b59  HOSTopen                       
00002bb9  close                          
00002c15  HOSTread                       
00002c6d  HOSTwrite                      
00002d1b  __TI_ltoa                      
00002dc1  __TI_doflush                   
00002e0d  atoi                           
00002e59  exit                           
00002ea1  __aeabi_d2iz                   
00002ee9  HOSTclose                      
00002f2d  HOSTunlink                     
00002f71  __TI_auto_init_nobinit_nopinit 
00002fb5  getdevice                      
00003039  __TI_writemsg                  
00003067  C$$IO$$                        
00003071  strncpy                        
000030a9  __TI_cleanup                   
000030dd  __TI_readmsg                   
00003111  _c_int00_noargs                
00003145  finddevice                     
00003175  __aeabi_i2d                    
000031a5  remove                         
000031a5  unlink                         
000031f9  lseek                          
00003221  write                          
00003249  memchr                         
00003269  __TI_zero_init_nomemset        
000032a1  memccpy                        
000032bd  copysign                       
000032bd  copysignl                      
000032d7  strcmp                         
000032ef  strchr                         
00003305  strcpy                         
00003319  strlen                         
0000332d  wcslen                         
0000333f  __TI_decompress_none           
0000334d  Reset_Handler                  
00003359  ADC14_IRQHandler               
00003359  AES256_IRQHandler              
00003359  BusFault_Handler               
00003359  COMP_E0_IRQHandler             
00003359  COMP_E1_IRQHandler             
00003359  CS_IRQHandler                  
00003359  DMA_ERR_IRQHandler             
00003359  DMA_INT0_IRQHandler            
00003359  DMA_INT1_IRQHandler            
00003359  DMA_INT2_IRQHandler            
00003359  DMA_INT3_IRQHandler            
00003359  DebugMon_Handler               
00003359  Default_Handler                
00003359  EUSCIA0_IRQHandler             
00003359  EUSCIA1_IRQHandler             
00003359  EUSCIA2_IRQHandler             
00003359  EUSCIA3_IRQHandler             
00003359  EUSCIB0_IRQHandler             
00003359  EUSCIB1_IRQHandler             
00003359  EUSCIB2_IRQHandler             
00003359  EUSCIB3_IRQHandler             
00003359  FLCTL_IRQHandler               
00003359  FPU_IRQHandler                 
00003359  HardFault_Handler              
00003359  MemManage_Handler              
00003359  NMI_Handler                    
00003359  PCM_IRQHandler                 
00003359  PORT1_IRQHandler               
00003359  PORT2_IRQHandler               
00003359  PORT3_IRQHandler               
00003359  PORT4_IRQHandler               
00003359  PORT5_IRQHandler               
00003359  PORT6_IRQHandler               
00003359  PSS_IRQHandler                 
00003359  PendSV_Handler                 
00003359  RTC_C_IRQHandler               
00003359  SVC_Handler                    
00003359  SysTick_Handler                
00003359  T32_INT1_IRQHandler            
00003359  T32_INT2_IRQHandler            
00003359  T32_INTC_IRQHandler            
00003359  TA0_0_IRQHandler               
00003359  TA0_N_IRQHandler               
00003359  TA1_0_IRQHandler               
00003359  TA1_N_IRQHandler               
00003359  TA2_0_IRQHandler               
00003359  TA2_N_IRQHandler               
00003359  TA3_0_IRQHandler               
00003359  TA3_N_IRQHandler               
00003359  UsageFault_Handler             
00003359  WDT_A_IRQHandler               
0000335d  __aeabi_errno_addr             
00003365  malloc                         
00003375  _system_pre_init               
00003379  C$$EXIT                        
00003379  abort                          
0000337c  _ctypes_                       
000034f0  __TI_Handler_Table_Base        
000034fc  __TI_Handler_Table_Limit       
00003508  __TI_CINIT_Base                
00003518  __TI_CINIT_Limit               
20000000  __start___llvm_prf_cnts        
20000000  __stop___llvm_prf_cnts         
20000000  _sys_memory                    
20000400  __CIOBUF_                      
20000520  __TI_tmpnams                   
200005c0  readRTC                        
20000604  parmbuf                        
2000060c  _ftable                        
200006fc  _device                        
20000774  _stream                        
200007c4  __TI_ft_end                    
200007c8  __aeabi_stdin                  
200007cc  __aeabi_stdout                 
200007d0  __aeabi_stderr                 
200007d4  __TI_cleanup_ptr               
200007d8  __TI_dtors_ptr                 
200007dc  __TI_enable_exit_profile_output
200007e0  _lock                          
200007e4  _unlock                        
200007f0  errno                          
200007f4  SystemCoreClock                
2000fe00  __stack                        
20010000  __STACK_END                    
4000480c  WDTCTL_SYM                     
ffffffff  __TI_pprof_out_hndl            
ffffffff  __TI_prof_data_size            
ffffffff  __TI_prof_data_start           
ffffffff  __binit__                      
ffffffff  __c_args__                     
ffffffff  binit                          
UNDEFED   __mpu_init                     
UNDEFED   _system_post_cinit             

[186 symbols]
