******************************************************************************
                  TI ARM Linker PC v20.2.3                     
******************************************************************************
>> Linked Sat Nov 21 13:56:03 2020

OUTPUT FILE NAME:   <EGR-326-Lab_12_Part_I_PhotoResistor.out>
ENTRY POINT SYMBOL: "_c_int00_noargs"  address: 000019cd


MEMORY CONFIGURATION

         name            origin    length      used     unused   attr    fill
----------------------  --------  ---------  --------  --------  ----  --------
  MAIN                  00000000   00040000  00001b20  0003e4e0  R  X
  INFO                  00200000   00004000  00000000  00004000  R  X
  SRAM_CODE             01000000   00010000  00000228  0000fdd8  RW X
  SRAM_DATA             20000000   00010000  00000228  0000fdd8  RW  


SEGMENT ALLOCATION MAP

run origin  load origin   length   init length attrs members
----------  ----------- ---------- ----------- ----- -------
00000000    00000000    00001b20   00001b20    r-x
  00000000    00000000    000000e4   000000e4    r-- .intvecs
  000000e4    000000e4    000019cc   000019cc    r-x .text
  00001ab0    00001ab0    00000030   00000030    r-- .const
  00001ae0    00001ae0    00000040   00000040    r-- .cinit
20000000    20000000    00000028   00000000    rw-
  20000000    20000000    00000020   00000000    rw- .data
  20000020    20000020    00000008   00000000    rw- .bss
2000fe00    2000fe00    00000200   00000000    rw-
  2000fe00    2000fe00    00000200   00000000    rw- .stack


SECTION ALLOCATION MAP

 output                                  attributes/
section   page    origin      length       input sections
--------  ----  ----------  ----------   ----------------
.intvecs   0    00000000    000000e4     
                  00000000    000000e4     startup_msp432p401r_ccs.obj (.intvecs:retain)

.text      0    000000e4    000019cc     
                  000000e4    000009c0     rtsv7M4_T_le_v4SPD16_eabi.lib : e_pow.c.obj (.text:pow)
                  00000aa4    00000334     system_msp432p401r.obj (.text)
                  00000dd8    000002a4     main.obj (.text)
                  0000107c    000001b6     rtsv7M4_T_le_v4SPD16_eabi.lib : fd_add_t2.asm.obj (.text)
                  00001232    00000002     --HOLE-- [fill = 0]
                  00001234    00000158                                   : e_sqrt.c.obj (.text:sqrt)
                  0000138c    00000136                                   : fd_div_t2.asm.obj (.text)
                  000014c2    00000002     --HOLE-- [fill = 0]
                  000014c4    00000110                                   : s_scalbn.c.obj (.text:scalbn)
                  000015d4    000000fc                                   : fd_mul_t2.asm.obj (.text)
                  000016d0    0000009c                                   : memcpy_t2.asm.obj (.text)
                  0000176c    00000086                                   : fd_cmp_t2.asm.obj (.text:__aeabi_cdcmple)
                  000017f2    00000086                                   : fd_cmp_t2.asm.obj (.text:__aeabi_cdrcmple)
                  00001878    0000006e                                   : fd_tos_t2.asm.obj (.text)
                  000018e6    00000068                                   : copy_decompress_lzss.c.obj (.text:decompress:lzss:__TI_decompress_lzss)
                  0000194e    00000002     --HOLE-- [fill = 0]
                  00001950    00000044                                   : autoinit.c.obj (.text:__TI_auto_init_nobinit_nopinit:__TI_auto_init_nobinit_nopinit)
                  00001994    00000038                                   : fs_tod_t2.asm.obj (.text)
                  000019cc    00000034                                   : boot_cortex_m.c.obj (.text:_c_int00_noargs:_c_int00_noargs)
                  00001a00    0000002e                                   : i_tofd_t2.asm.obj (.text)
                  00001a2e    00000020                                   : u_tofd_t2.asm.obj (.text)
                  00001a4e    0000001c                                   : copy_zero_init.c.obj (.text:decompress:ZI:__TI_zero_init_nomemset:__TI_zero_init_nomemset)
                  00001a6a    0000001a                                   : s_copysign.c.obj (.text:copysign)
                  00001a84    0000000e                                   : copy_decompress_none.c.obj (.text:decompress:none:__TI_decompress_none)
                  00001a92    0000000e     startup_msp432p401r_ccs.obj (.text)
                  00001aa0    00000008     rtsv7M4_T_le_v4SPD16_eabi.lib : errno.c.obj (.text:__aeabi_errno_addr)
                  00001aa8    00000004                                   : pre_init.c.obj (.text:_system_pre_init)
                  00001aac    00000004                                   : exit.c.obj (.text:abort:abort)

.const     0    00001ab0    00000030     
                  00001ab0    00000030     rtsv7M4_T_le_v4SPD16_eabi.lib : e_pow.c.obj (.const:$O1$$)

.cinit     0    00001ae0    00000040     
                  00001ae0    0000001c     (.cinit..data.load) [load image, compression = lzss]
                  00001afc    0000000c     (__TI_handler_table)
                  00001b08    00000008     (.cinit..bss.load) [load image, compression = zero_init]
                  00001b10    00000010     (__TI_cinit_table)

.init_array 
*          0    00000000    00000000     UNINITIALIZED

.binit     0    00000000    00000000     

.data      0    20000000    00000020     UNINITIALIZED
                  20000000    00000018     main.obj (.data)
                  20000018    00000004     rtsv7M4_T_le_v4SPD16_eabi.lib : errno.c.obj (.data)
                  2000001c    00000004     system_msp432p401r.obj (.data)

.bss       0    20000020    00000008     UNINITIALIZED
                  20000020    00000004     (.common:adc_input)
                  20000024    00000004     (.common:readVoltage)

.stack     0    2000fe00    00000200     UNINITIALIZED
                  2000fe00    00000004     rtsv7M4_T_le_v4SPD16_eabi.lib : boot_cortex_m.c.obj (.stack)
                  2000fe04    000001fc     --HOLE--

__llvm_prf_cnts 
*          0    20000000    00000000     UNINITIALIZED

MODULE SUMMARY

       Module                        code   ro data   rw data
       ------                        ----   -------   -------
    .\
       system_msp432p401r.obj        820    0         8      
       main.obj                      676    0         64     
       startup_msp432p401r_ccs.obj   14     228       0      
    +--+-----------------------------+------+---------+---------+
       Total:                        1510   228       72     
                                                             
    C:\ti\ccs1011\ccs\tools\compiler\ti-cgt-arm_20.2.3.LTS\lib\rtsv7M4_T_le_v4SPD16_eabi.lib
       e_pow.c.obj                   2496   48        0      
       fd_add_t2.asm.obj             438    0         0      
       e_sqrt.c.obj                  344    0         0      
       fd_div_t2.asm.obj             310    0         0      
       s_scalbn.c.obj                272    0         0      
       fd_cmp_t2.asm.obj             268    0         0      
       fd_mul_t2.asm.obj             252    0         0      
       memcpy_t2.asm.obj             156    0         0      
       fd_tos_t2.asm.obj             110    0         0      
       copy_decompress_lzss.c.obj    104    0         0      
       autoinit.c.obj                68     0         0      
       fs_tod_t2.asm.obj             56     0         0      
       boot_cortex_m.c.obj           52     0         0      
       i_tofd_t2.asm.obj             46     0         0      
       u_tofd_t2.asm.obj             32     0         0      
       copy_zero_init.c.obj          28     0         0      
       s_copysign.c.obj              26     0         0      
       errno.c.obj                   8      0         8      
       copy_decompress_none.c.obj    14     0         0      
       exit.c.obj                    4      0         0      
       pre_init.c.obj                4      0         0      
    +--+-----------------------------+------+---------+---------+
       Total:                        5088   48        8      
                                                             
       Stack:                        0      0         1024   
       Linker Generated:             0      64        0      
    +--+-----------------------------+------+---------+---------+
       Grand Total:                  6598   340       1104   


LINKER GENERATED COPY TABLES

__TI_cinit_table @ 00001b10 records: 2, size/record: 8, table size: 16
	.data: load addr=00001ae0, load size=0000001c bytes, run addr=20000000, run size=00000020 bytes, compression=lzss
	.bss: load addr=00001b08, load size=00000008 bytes, run addr=20000020, run size=00000008 bytes, compression=zero_init


LINKER GENERATED HANDLER TABLE

__TI_handler_table @ 00001afc records: 3, size/record: 4, table size: 12
	index: 0, handler: __TI_decompress_lzss
	index: 1, handler: __TI_decompress_none
	index: 2, handler: __TI_zero_init


GLOBAL SYMBOLS: SORTED ALPHABETICALLY BY Name 

address   name                          
-------   ----                          
00001a9f  ADC14_IRQHandler              
00000f8b  ADC14init                     
00001a9f  AES256_IRQHandler             
00001a9f  BusFault_Handler              
00001aad  C$$EXIT                       
00001a9f  COMP_E0_IRQHandler            
00001a9f  COMP_E1_IRQHandler            
00001a9f  CS_IRQHandler                 
00001a9f  DMA_ERR_IRQHandler            
00001a9f  DMA_INT0_IRQHandler           
00001a9f  DMA_INT1_IRQHandler           
00001a9f  DMA_INT2_IRQHandler           
00001a9f  DMA_INT3_IRQHandler           
00001a9f  DebugMon_Handler              
00001a9f  Default_Handler               
00001a9f  EUSCIA0_IRQHandler            
00001a9f  EUSCIA1_IRQHandler            
00001a9f  EUSCIA2_IRQHandler            
00001a9f  EUSCIA3_IRQHandler            
00001a9f  EUSCIB0_IRQHandler            
00001a9f  EUSCIB1_IRQHandler            
00001a9f  EUSCIB2_IRQHandler            
00001a9f  EUSCIB3_IRQHandler            
00001a9f  FLCTL_IRQHandler              
00001a9f  FPU_IRQHandler                
00001a9f  HardFault_Handler             
00001a9f  MemManage_Handler             
00001a9f  NMI_Handler                   
00001a9f  PCM_IRQHandler                
00001a9f  PORT1_IRQHandler              
00001a9f  PORT2_IRQHandler              
00001a9f  PORT3_IRQHandler              
00001a9f  PORT4_IRQHandler              
00001a9f  PORT5_IRQHandler              
00001a9f  PORT6_IRQHandler              
00001a9f  PSS_IRQHandler                
00001a9f  PendSV_Handler                
00001a9f  RTC_C_IRQHandler              
00001a93  Reset_Handler                 
00001a9f  SVC_Handler                   
00000fd3  SysTickInit                   
00000fef  SysTick_Handler               
00000fef  SysTick_Handler               
2000001c  SystemCoreClock               
00000aa5  SystemCoreClockUpdate         
00000d1d  SystemInit                    
00001a9f  T32_INT1_IRQHandler           
00001a9f  T32_INT2_IRQHandler           
00001a9f  T32_INTC_IRQHandler           
00001a9f  TA0_0_IRQHandler              
00001a9f  TA0_N_IRQHandler              
00001a9f  TA1_0_IRQHandler              
00001a9f  TA1_N_IRQHandler              
00001a9f  TA2_0_IRQHandler              
00001a9f  TA2_N_IRQHandler              
00001a9f  TA3_0_IRQHandler              
00001a9f  TA3_N_IRQHandler              
00001a9f  UsageFault_Handler            
4000480c  WDTCTL_SYM                    
00001a9f  WDT_A_IRQHandler              
20010000  __STACK_END                   
00000200  __STACK_SIZE                  
00001b10  __TI_CINIT_Base               
00001b20  __TI_CINIT_Limit              
00001afc  __TI_Handler_Table_Base       
00001b08  __TI_Handler_Table_Limit      
00001951  __TI_auto_init_nobinit_nopinit
000018e7  __TI_decompress_lzss          
00001a85  __TI_decompress_none          
ffffffff  __TI_pprof_out_hndl           
ffffffff  __TI_prof_data_size           
ffffffff  __TI_prof_data_start          
00000000  __TI_static_base__            
00001a4f  __TI_zero_init_nomemset       
0000176d  __aeabi_cdcmpeq               
0000176d  __aeabi_cdcmple               
000017f3  __aeabi_cdrcmple              
00001879  __aeabi_d2f                   
00001087  __aeabi_dadd                  
0000138d  __aeabi_ddiv                  
000015d5  __aeabi_dmul                  
0000107d  __aeabi_dsub                  
00001aa1  __aeabi_errno_addr            
00001995  __aeabi_f2d                   
00001a01  __aeabi_i2d                   
000016d1  __aeabi_memcpy                
000016d1  __aeabi_memcpy4               
000016d1  __aeabi_memcpy8               
00001a2f  __aeabi_ui2d                  
ffffffff  __binit__                     
ffffffff  __c_args__                    
UNDEFED   __mpu_init                    
2000fe00  __stack                       
20000000  __start___llvm_prf_cnts       
20000000  __stop___llvm_prf_cnts        
000019cd  _c_int00_noargs               
UNDEFED   _system_post_cinit            
00001aa9  _system_pre_init              
00001aad  abort                         
20000020  adc_input                     
ffffffff  binit                         
00001a6b  copysign                      
00001a6b  copysignl                     
20000014  count                         
20000018  errno                         
00000000  interruptVectors              
000014c5  ldexp                         
000014c5  ldexpl                        
00000dd9  main                          
20000008  maxV                          
000016d1  memcpy                        
2000000c  minV                          
20000010  percentage                    
000000e5  pow                           
000000e5  powl                          
20000024  readVoltage                   
20000004  refV                          
000014c5  scalbn                        
000014c5  scalbnl                       
00001235  sqrt                          
00001235  sqrtl                         
20000000  timeout                       


GLOBAL SYMBOLS: SORTED BY Symbol Address 

address   name                          
-------   ----                          
00000000  __TI_static_base__            
00000000  interruptVectors              
000000e5  pow                           
000000e5  powl                          
00000200  __STACK_SIZE                  
00000aa5  SystemCoreClockUpdate         
00000d1d  SystemInit                    
00000dd9  main                          
00000f8b  ADC14init                     
00000fd3  SysTickInit                   
00000fef  SysTick_Handler               
00000fef  SysTick_Handler               
0000107d  __aeabi_dsub                  
00001087  __aeabi_dadd                  
00001235  sqrt                          
00001235  sqrtl                         
0000138d  __aeabi_ddiv                  
000014c5  ldexp                         
000014c5  ldexpl                        
000014c5  scalbn                        
000014c5  scalbnl                       
000015d5  __aeabi_dmul                  
000016d1  __aeabi_memcpy                
000016d1  __aeabi_memcpy4               
000016d1  __aeabi_memcpy8               
000016d1  memcpy                        
0000176d  __aeabi_cdcmpeq               
0000176d  __aeabi_cdcmple               
000017f3  __aeabi_cdrcmple              
00001879  __aeabi_d2f                   
000018e7  __TI_decompress_lzss          
00001951  __TI_auto_init_nobinit_nopinit
00001995  __aeabi_f2d                   
000019cd  _c_int00_noargs               
00001a01  __aeabi_i2d                   
00001a2f  __aeabi_ui2d                  
00001a4f  __TI_zero_init_nomemset       
00001a6b  copysign                      
00001a6b  copysignl                     
00001a85  __TI_decompress_none          
00001a93  Reset_Handler                 
00001a9f  ADC14_IRQHandler              
00001a9f  AES256_IRQHandler             
00001a9f  BusFault_Handler              
00001a9f  COMP_E0_IRQHandler            
00001a9f  COMP_E1_IRQHandler            
00001a9f  CS_IRQHandler                 
00001a9f  DMA_ERR_IRQHandler            
00001a9f  DMA_INT0_IRQHandler           
00001a9f  DMA_INT1_IRQHandler           
00001a9f  DMA_INT2_IRQHandler           
00001a9f  DMA_INT3_IRQHandler           
00001a9f  DebugMon_Handler              
00001a9f  Default_Handler               
00001a9f  EUSCIA0_IRQHandler            
00001a9f  EUSCIA1_IRQHandler            
00001a9f  EUSCIA2_IRQHandler            
00001a9f  EUSCIA3_IRQHandler            
00001a9f  EUSCIB0_IRQHandler            
00001a9f  EUSCIB1_IRQHandler            
00001a9f  EUSCIB2_IRQHandler            
00001a9f  EUSCIB3_IRQHandler            
00001a9f  FLCTL_IRQHandler              
00001a9f  FPU_IRQHandler                
00001a9f  HardFault_Handler             
00001a9f  MemManage_Handler             
00001a9f  NMI_Handler                   
00001a9f  PCM_IRQHandler                
00001a9f  PORT1_IRQHandler              
00001a9f  PORT2_IRQHandler              
00001a9f  PORT3_IRQHandler              
00001a9f  PORT4_IRQHandler              
00001a9f  PORT5_IRQHandler              
00001a9f  PORT6_IRQHandler              
00001a9f  PSS_IRQHandler                
00001a9f  PendSV_Handler                
00001a9f  RTC_C_IRQHandler              
00001a9f  SVC_Handler                   
00001a9f  T32_INT1_IRQHandler           
00001a9f  T32_INT2_IRQHandler           
00001a9f  T32_INTC_IRQHandler           
00001a9f  TA0_0_IRQHandler              
00001a9f  TA0_N_IRQHandler              
00001a9f  TA1_0_IRQHandler              
00001a9f  TA1_N_IRQHandler              
00001a9f  TA2_0_IRQHandler              
00001a9f  TA2_N_IRQHandler              
00001a9f  TA3_0_IRQHandler              
00001a9f  TA3_N_IRQHandler              
00001a9f  UsageFault_Handler            
00001a9f  WDT_A_IRQHandler              
00001aa1  __aeabi_errno_addr            
00001aa9  _system_pre_init              
00001aad  C$$EXIT                       
00001aad  abort                         
00001afc  __TI_Handler_Table_Base       
00001b08  __TI_Handler_Table_Limit      
00001b10  __TI_CINIT_Base               
00001b20  __TI_CINIT_Limit              
20000000  __start___llvm_prf_cnts       
20000000  __stop___llvm_prf_cnts        
20000000  timeout                       
20000004  refV                          
20000008  maxV                          
2000000c  minV                          
20000010  percentage                    
20000014  count                         
20000018  errno                         
2000001c  SystemCoreClock               
20000020  adc_input                     
20000024  readVoltage                   
2000fe00  __stack                       
20010000  __STACK_END                   
4000480c  WDTCTL_SYM                    
ffffffff  __TI_pprof_out_hndl           
ffffffff  __TI_prof_data_size           
ffffffff  __TI_prof_data_start          
ffffffff  __binit__                     
ffffffff  __c_args__                    
ffffffff  binit                         
UNDEFED   __mpu_init                    
UNDEFED   _system_post_cinit            

[122 symbols]
